// Jest Snapshot v1, https://goo.gl/fbAQLP

exports[`Filter component renders correctly 1`] = `
Array [
  <div
    className="license-box"
  >
    <label
      className="checkbox"
    >
      <input
        checked={true}
        id="mit"
        name="mit"
        onChange={[Function]}
        type="checkbox"
      />
      mit
    </label>
  </div>,
  <div
    className="license-box"
  >
    <label
      className="checkbox"
    >
      <input
        checked={false}
        id="isc"
        name="isc"
        onChange={[Function]}
        type="checkbox"
      />
      isc
    </label>
  </div>,
  <div
    className="license-box"
  >
    <label
      className="checkbox"
    >
      <input
        checked={true}
        id="apache-2.0"
        name="apache-2.0"
        onChange={[Function]}
        type="checkbox"
      />
      apache-2.0
    </label>
  </div>,
]
`;
